Archive member included because of file (symbol)

/usr/local/CrossPack-AVR-20130212/lib/gcc/avr/4.6.2/avr5/libgcc.a(_exit.o)
                              /usr/local/CrossPack-AVR-20130212/lib/gcc/avr/4.6.2/../../../../avr/lib/avr5/crtm328p.o (exit)
/usr/local/CrossPack-AVR-20130212/lib/gcc/avr/4.6.2/avr5/libgcc.a(_copy_data.o)
                              obj/Debug/fuse.o (__do_copy_data)
/usr/local/CrossPack-AVR-20130212/lib/gcc/avr/4.6.2/avr5/libgcc.a(_clear_bss.o)
                              obj/Debug/fuse.o (__do_clear_bss)
/usr/local/CrossPack-AVR-20130212/lib/gcc/avr/4.6.2/avr5/libgcc.a(_fixunssfsi.o)
                              obj/Debug/main.o (__fixunssfsi)
/usr/local/CrossPack-AVR-20130212/lib/gcc/avr/4.6.2/avr5/libgcc.a(_addsub_sf.o)
                              /usr/local/CrossPack-AVR-20130212/lib/gcc/avr/4.6.2/avr5/libgcc.a(_fixunssfsi.o) (__subsf3)
/usr/local/CrossPack-AVR-20130212/lib/gcc/avr/4.6.2/avr5/libgcc.a(_mul_sf.o)
                              obj/Debug/main.o (__mulsf3)
/usr/local/CrossPack-AVR-20130212/lib/gcc/avr/4.6.2/avr5/libgcc.a(_gt_sf.o)
                              obj/Debug/main.o (__gtsf2)
/usr/local/CrossPack-AVR-20130212/lib/gcc/avr/4.6.2/avr5/libgcc.a(_ge_sf.o)
                              /usr/local/CrossPack-AVR-20130212/lib/gcc/avr/4.6.2/avr5/libgcc.a(_fixunssfsi.o) (__gesf2)
/usr/local/CrossPack-AVR-20130212/lib/gcc/avr/4.6.2/avr5/libgcc.a(_lt_sf.o)
                              obj/Debug/main.o (__ltsf2)
/usr/local/CrossPack-AVR-20130212/lib/gcc/avr/4.6.2/avr5/libgcc.a(_sf_to_si.o)
                              /usr/local/CrossPack-AVR-20130212/lib/gcc/avr/4.6.2/avr5/libgcc.a(_fixunssfsi.o) (__fixsfsi)
/usr/local/CrossPack-AVR-20130212/lib/gcc/avr/4.6.2/avr5/libgcc.a(_thenan_sf.o)
                              /usr/local/CrossPack-AVR-20130212/lib/gcc/avr/4.6.2/avr5/libgcc.a(_addsub_sf.o) (__thenan_sf)
/usr/local/CrossPack-AVR-20130212/lib/gcc/avr/4.6.2/avr5/libgcc.a(_prologue.o)
                              /usr/local/CrossPack-AVR-20130212/lib/gcc/avr/4.6.2/avr5/libgcc.a(_addsub_sf.o) (__prologue_saves__)
/usr/local/CrossPack-AVR-20130212/lib/gcc/avr/4.6.2/avr5/libgcc.a(_epilogue.o)
                              /usr/local/CrossPack-AVR-20130212/lib/gcc/avr/4.6.2/avr5/libgcc.a(_addsub_sf.o) (__epilogue_restores__)
/usr/local/CrossPack-AVR-20130212/lib/gcc/avr/4.6.2/avr5/libgcc.a(_pack_sf.o)
                              /usr/local/CrossPack-AVR-20130212/lib/gcc/avr/4.6.2/avr5/libgcc.a(_addsub_sf.o) (__pack_f)
/usr/local/CrossPack-AVR-20130212/lib/gcc/avr/4.6.2/avr5/libgcc.a(_unpack_sf.o)
                              /usr/local/CrossPack-AVR-20130212/lib/gcc/avr/4.6.2/avr5/libgcc.a(_addsub_sf.o) (__unpack_f)
/usr/local/CrossPack-AVR-20130212/lib/gcc/avr/4.6.2/avr5/libgcc.a(_fpcmp_parts_sf.o)
                              /usr/local/CrossPack-AVR-20130212/lib/gcc/avr/4.6.2/avr5/libgcc.a(_gt_sf.o) (__fpcmp_parts_f)

Memory Configuration

Name             Origin             Length             Attributes
text             0x00000000         0x00020000         xr
data             0x00800060         0x0000ffa0         rw !x
eeprom           0x00810000         0x00010000         rw !x
fuse             0x00820000         0x00000400         rw !x
lock             0x00830000         0x00000400         rw !x
signature        0x00840000         0x00000400         rw !x
*default*        0x00000000         0xffffffff

Linker script and memory map

Address of section .data set to 0x800100
LOAD /usr/local/CrossPack-AVR-20130212/lib/gcc/avr/4.6.2/../../../../avr/lib/avr5/crtm328p.o
LOAD obj/Debug/fuse.o
LOAD obj/Debug/main.o
LOAD /usr/local/CrossPack-AVR-20130212/lib/gcc/avr/4.6.2/avr5/libgcc.a
LOAD /usr/local/CrossPack-AVR-20130212/lib/gcc/avr/4.6.2/../../../../avr/lib/avr5/libm.a
LOAD /usr/local/CrossPack-AVR-20130212/lib/gcc/avr/4.6.2/avr5/libgcc.a
LOAD /usr/local/CrossPack-AVR-20130212/lib/gcc/avr/4.6.2/../../../../avr/lib/avr5/libc.a
LOAD /usr/local/CrossPack-AVR-20130212/lib/gcc/avr/4.6.2/avr5/libgcc.a

.hash
 *(.hash)

.dynsym
 *(.dynsym)

.dynstr
 *(.dynstr)

.gnu.version
 *(.gnu.version)

.gnu.version_d
 *(.gnu.version_d)

.gnu.version_r
 *(.gnu.version_r)

.rel.init
 *(.rel.init)

.rela.init
 *(.rela.init)

.rel.text
 *(.rel.text)
 *(.rel.text.*)
 *(.rel.gnu.linkonce.t*)

.rela.text
 *(.rela.text)
 *(.rela.text.*)
 *(.rela.gnu.linkonce.t*)

.rel.fini
 *(.rel.fini)

.rela.fini
 *(.rela.fini)

.rel.rodata
 *(.rel.rodata)
 *(.rel.rodata.*)
 *(.rel.gnu.linkonce.r*)

.rela.rodata
 *(.rela.rodata)
 *(.rela.rodata.*)
 *(.rela.gnu.linkonce.r*)

.rel.data
 *(.rel.data)
 *(.rel.data.*)
 *(.rel.gnu.linkonce.d*)

.rela.data
 *(.rela.data)
 *(.rela.data.*)
 *(.rela.gnu.linkonce.d*)

.rel.ctors
 *(.rel.ctors)

.rela.ctors
 *(.rela.ctors)

.rel.dtors
 *(.rel.dtors)

.rela.dtors
 *(.rela.dtors)

.rel.got
 *(.rel.got)

.rela.got
 *(.rela.got)

.rel.bss
 *(.rel.bss)

.rela.bss
 *(.rela.bss)

.rel.plt
 *(.rel.plt)

.rela.plt
 *(.rela.plt)

.text           0x00000000      0xe80
 *(.vectors)
 .vectors       0x00000000       0x68 /usr/local/CrossPack-AVR-20130212/lib/gcc/avr/4.6.2/../../../../avr/lib/avr5/crtm328p.o
                0x00000000                __vectors
                0x00000000                __vector_default
 *(.vectors)
 *(.progmem.gcc*)
 *(.progmem*)
                0x00000068                . = ALIGN (0x2)
                0x00000068                __trampolines_start = .
 *(.trampolines)
 .trampolines   0x00000068        0x0 linker stubs
 *(.trampolines*)
                0x00000068                __trampolines_end = .
 *(.jumptables)
 *(.jumptables*)
 *(.lowtext)
 *(.lowtext*)
                0x00000068                __ctors_start = .
 *(.ctors)
                0x00000068                __ctors_end = .
                0x00000068                __dtors_start = .
 *(.dtors)
                0x00000068                __dtors_end = .
 SORT(*)(.ctors)
 SORT(*)(.dtors)
 *(.init0)
 .init0         0x00000068        0x0 /usr/local/CrossPack-AVR-20130212/lib/gcc/avr/4.6.2/../../../../avr/lib/avr5/crtm328p.o
                0x00000068                __init
 *(.init0)
 *(.init1)
 *(.init1)
 *(.init2)
 .init2         0x00000068        0xc /usr/local/CrossPack-AVR-20130212/lib/gcc/avr/4.6.2/../../../../avr/lib/avr5/crtm328p.o
 *(.init2)
 *(.init3)
 *(.init3)
 *(.init4)
 .init4         0x00000074       0x16 /usr/local/CrossPack-AVR-20130212/lib/gcc/avr/4.6.2/avr5/libgcc.a(_copy_data.o)
                0x00000074                __do_copy_data
 .init4         0x0000008a       0x10 /usr/local/CrossPack-AVR-20130212/lib/gcc/avr/4.6.2/avr5/libgcc.a(_clear_bss.o)
                0x0000008a                __do_clear_bss
 *(.init4)
 *(.init5)
 *(.init5)
 *(.init6)
 *(.init6)
 *(.init7)
 *(.init7)
 *(.init8)
 *(.init8)
 *(.init9)
 .init9         0x0000009a        0x8 /usr/local/CrossPack-AVR-20130212/lib/gcc/avr/4.6.2/../../../../avr/lib/avr5/crtm328p.o
 *(.init9)
 *(.text)
 .text          0x000000a2        0x4 /usr/local/CrossPack-AVR-20130212/lib/gcc/avr/4.6.2/../../../../avr/lib/avr5/crtm328p.o
                0x000000a2                __vector_20
                0x000000a2                __vector_1
                0x000000a2                __vector_24
                0x000000a2                __vector_12
                0x000000a2                __bad_interrupt
                0x000000a2                __vector_6
                0x000000a2                __vector_3
                0x000000a2                __vector_23
                0x000000a2                __vector_25
                0x000000a2                __vector_11
                0x000000a2                __vector_13
                0x000000a2                __vector_17
                0x000000a2                __vector_19
                0x000000a2                __vector_7
                0x000000a2                __vector_5
                0x000000a2                __vector_4
                0x000000a2                __vector_9
                0x000000a2                __vector_2
                0x000000a2                __vector_21
                0x000000a2                __vector_15
                0x000000a2                __vector_8
                0x000000a2                __vector_14
                0x000000a2                __vector_10
                0x000000a2                __vector_16
                0x000000a2                __vector_18
                0x000000a2                __vector_22
 .text          0x000000a6        0x0 obj/Debug/fuse.o
 .text          0x000000a6      0x28a obj/Debug/main.o
                0x000000a6                main
                0x000001f6                SPI_MasterInit
                0x00000220                SPI_MasterTransmit
                0x0000024c                SPI595Out
                0x0000029c                NixieTube
 .text          0x00000330        0x0 /usr/local/CrossPack-AVR-20130212/lib/gcc/avr/4.6.2/avr5/libgcc.a(_exit.o)
 .text          0x00000330        0x0 /usr/local/CrossPack-AVR-20130212/lib/gcc/avr/4.6.2/avr5/libgcc.a(_copy_data.o)
 .text          0x00000330        0x0 /usr/local/CrossPack-AVR-20130212/lib/gcc/avr/4.6.2/avr5/libgcc.a(_clear_bss.o)
 .text          0x00000330       0x60 /usr/local/CrossPack-AVR-20130212/lib/gcc/avr/4.6.2/avr5/libgcc.a(_fixunssfsi.o)
                0x00000330                __fixunssfsi
 .text          0x00000390      0x37a /usr/local/CrossPack-AVR-20130212/lib/gcc/avr/4.6.2/avr5/libgcc.a(_addsub_sf.o)
                0x00000632                __addsf3
                0x0000069a                __subsf3
 .text          0x0000070a      0x202 /usr/local/CrossPack-AVR-20130212/lib/gcc/avr/4.6.2/avr5/libgcc.a(_mul_sf.o)
                0x0000070a                __mulsf3
 .text          0x0000090c       0x62 /usr/local/CrossPack-AVR-20130212/lib/gcc/avr/4.6.2/avr5/libgcc.a(_gt_sf.o)
                0x0000090c                __gtsf2
 .text          0x0000096e       0x62 /usr/local/CrossPack-AVR-20130212/lib/gcc/avr/4.6.2/avr5/libgcc.a(_ge_sf.o)
                0x0000096e                __gesf2
 .text          0x000009d0       0x62 /usr/local/CrossPack-AVR-20130212/lib/gcc/avr/4.6.2/avr5/libgcc.a(_lt_sf.o)
                0x000009d0                __ltsf2
 .text          0x00000a32       0xa2 /usr/local/CrossPack-AVR-20130212/lib/gcc/avr/4.6.2/avr5/libgcc.a(_sf_to_si.o)
                0x00000a32                __fixsfsi
 .text          0x00000ad4        0x0 /usr/local/CrossPack-AVR-20130212/lib/gcc/avr/4.6.2/avr5/libgcc.a(_thenan_sf.o)
 .text          0x00000ad4        0x0 /usr/local/CrossPack-AVR-20130212/lib/gcc/avr/4.6.2/avr5/libgcc.a(_prologue.o)
 .text          0x00000ad4        0x0 /usr/local/CrossPack-AVR-20130212/lib/gcc/avr/4.6.2/avr5/libgcc.a(_epilogue.o)
 .text          0x00000ad4      0x1ae /usr/local/CrossPack-AVR-20130212/lib/gcc/avr/4.6.2/avr5/libgcc.a(_pack_sf.o)
                0x00000ad4                __pack_f
 .text          0x00000c82       0xd2 /usr/local/CrossPack-AVR-20130212/lib/gcc/avr/4.6.2/avr5/libgcc.a(_unpack_sf.o)
                0x00000c82                __unpack_f
 .text          0x00000d54       0xba /usr/local/CrossPack-AVR-20130212/lib/gcc/avr/4.6.2/avr5/libgcc.a(_fpcmp_parts_sf.o)
                0x00000d54                __fpcmp_parts_f
                0x00000e0e                . = ALIGN (0x2)
 *(.text.*)
 .text.libgcc   0x00000e0e        0x0 /usr/local/CrossPack-AVR-20130212/lib/gcc/avr/4.6.2/avr5/libgcc.a(_exit.o)
 .text.libgcc   0x00000e0e        0x0 /usr/local/CrossPack-AVR-20130212/lib/gcc/avr/4.6.2/avr5/libgcc.a(_copy_data.o)
 .text.libgcc   0x00000e0e        0x0 /usr/local/CrossPack-AVR-20130212/lib/gcc/avr/4.6.2/avr5/libgcc.a(_clear_bss.o)
 .text.libgcc   0x00000e0e       0x38 /usr/local/CrossPack-AVR-20130212/lib/gcc/avr/4.6.2/avr5/libgcc.a(_prologue.o)
                0x00000e0e                __prologue_saves__
 .text.libgcc   0x00000e46       0x36 /usr/local/CrossPack-AVR-20130212/lib/gcc/avr/4.6.2/avr5/libgcc.a(_epilogue.o)
                0x00000e46                __epilogue_restores__
                0x00000e7c                . = ALIGN (0x2)
 *(.fini9)
 .fini9         0x00000e7c        0x0 /usr/local/CrossPack-AVR-20130212/lib/gcc/avr/4.6.2/avr5/libgcc.a(_exit.o)
                0x00000e7c                exit
                0x00000e7c                _exit
 *(.fini9)
 *(.fini8)
 *(.fini8)
 *(.fini7)
 *(.fini7)
 *(.fini6)
 *(.fini6)
 *(.fini5)
 *(.fini5)
 *(.fini4)
 *(.fini4)
 *(.fini3)
 *(.fini3)
 *(.fini2)
 *(.fini2)
 *(.fini1)
 *(.fini1)
 *(.fini0)
 .fini0         0x00000e7c        0x4 /usr/local/CrossPack-AVR-20130212/lib/gcc/avr/4.6.2/avr5/libgcc.a(_exit.o)
 *(.fini0)
                0x00000e80                _etext = .

.data           0x00800100        0x8 load address 0x00000e80
                0x00800100                PROVIDE (__data_start, .)
 *(.data)
 .data          0x00800100        0x0 /usr/local/CrossPack-AVR-20130212/lib/gcc/avr/4.6.2/../../../../avr/lib/avr5/crtm328p.o
 .data          0x00800100        0x0 obj/Debug/fuse.o
 .data          0x00800100        0x0 obj/Debug/main.o
 .data          0x00800100        0x0 /usr/local/CrossPack-AVR-20130212/lib/gcc/avr/4.6.2/avr5/libgcc.a(_exit.o)
 .data          0x00800100        0x0 /usr/local/CrossPack-AVR-20130212/lib/gcc/avr/4.6.2/avr5/libgcc.a(_copy_data.o)
 .data          0x00800100        0x0 /usr/local/CrossPack-AVR-20130212/lib/gcc/avr/4.6.2/avr5/libgcc.a(_clear_bss.o)
 .data          0x00800100        0x0 /usr/local/CrossPack-AVR-20130212/lib/gcc/avr/4.6.2/avr5/libgcc.a(_fixunssfsi.o)
 .data          0x00800100        0x0 /usr/local/CrossPack-AVR-20130212/lib/gcc/avr/4.6.2/avr5/libgcc.a(_addsub_sf.o)
 .data          0x00800100        0x0 /usr/local/CrossPack-AVR-20130212/lib/gcc/avr/4.6.2/avr5/libgcc.a(_mul_sf.o)
 .data          0x00800100        0x0 /usr/local/CrossPack-AVR-20130212/lib/gcc/avr/4.6.2/avr5/libgcc.a(_gt_sf.o)
 .data          0x00800100        0x0 /usr/local/CrossPack-AVR-20130212/lib/gcc/avr/4.6.2/avr5/libgcc.a(_ge_sf.o)
 .data          0x00800100        0x0 /usr/local/CrossPack-AVR-20130212/lib/gcc/avr/4.6.2/avr5/libgcc.a(_lt_sf.o)
 .data          0x00800100        0x0 /usr/local/CrossPack-AVR-20130212/lib/gcc/avr/4.6.2/avr5/libgcc.a(_sf_to_si.o)
 .data          0x00800100        0x8 /usr/local/CrossPack-AVR-20130212/lib/gcc/avr/4.6.2/avr5/libgcc.a(_thenan_sf.o)
                0x00800100                __thenan_sf
 .data          0x00800108        0x0 /usr/local/CrossPack-AVR-20130212/lib/gcc/avr/4.6.2/avr5/libgcc.a(_prologue.o)
 .data          0x00800108        0x0 /usr/local/CrossPack-AVR-20130212/lib/gcc/avr/4.6.2/avr5/libgcc.a(_epilogue.o)
 .data          0x00800108        0x0 /usr/local/CrossPack-AVR-20130212/lib/gcc/avr/4.6.2/avr5/libgcc.a(_pack_sf.o)
 .data          0x00800108        0x0 /usr/local/CrossPack-AVR-20130212/lib/gcc/avr/4.6.2/avr5/libgcc.a(_unpack_sf.o)
 .data          0x00800108        0x0 /usr/local/CrossPack-AVR-20130212/lib/gcc/avr/4.6.2/avr5/libgcc.a(_fpcmp_parts_sf.o)
 *(.data*)
 *(.rodata)
 *(.rodata*)
 *(.gnu.linkonce.d*)
                0x00800108                . = ALIGN (0x2)
                0x00800108                _edata = .
                0x00800108                PROVIDE (__data_end, .)

.bss            0x00800108        0x0
                0x00800108                PROVIDE (__bss_start, .)
 *(.bss)
 .bss           0x00800108        0x0 /usr/local/CrossPack-AVR-20130212/lib/gcc/avr/4.6.2/../../../../avr/lib/avr5/crtm328p.o
 .bss           0x00800108        0x0 obj/Debug/fuse.o
 .bss           0x00800108        0x0 obj/Debug/main.o
 .bss           0x00800108        0x0 /usr/local/CrossPack-AVR-20130212/lib/gcc/avr/4.6.2/avr5/libgcc.a(_exit.o)
 .bss           0x00800108        0x0 /usr/local/CrossPack-AVR-20130212/lib/gcc/avr/4.6.2/avr5/libgcc.a(_copy_data.o)
 .bss           0x00800108        0x0 /usr/local/CrossPack-AVR-20130212/lib/gcc/avr/4.6.2/avr5/libgcc.a(_clear_bss.o)
 .bss           0x00800108        0x0 /usr/local/CrossPack-AVR-20130212/lib/gcc/avr/4.6.2/avr5/libgcc.a(_fixunssfsi.o)
 .bss           0x00800108        0x0 /usr/local/CrossPack-AVR-20130212/lib/gcc/avr/4.6.2/avr5/libgcc.a(_addsub_sf.o)
 .bss           0x00800108        0x0 /usr/local/CrossPack-AVR-20130212/lib/gcc/avr/4.6.2/avr5/libgcc.a(_mul_sf.o)
 .bss           0x00800108        0x0 /usr/local/CrossPack-AVR-20130212/lib/gcc/avr/4.6.2/avr5/libgcc.a(_gt_sf.o)
 .bss           0x00800108        0x0 /usr/local/CrossPack-AVR-20130212/lib/gcc/avr/4.6.2/avr5/libgcc.a(_ge_sf.o)
 .bss           0x00800108        0x0 /usr/local/CrossPack-AVR-20130212/lib/gcc/avr/4.6.2/avr5/libgcc.a(_lt_sf.o)
 .bss           0x00800108        0x0 /usr/local/CrossPack-AVR-20130212/lib/gcc/avr/4.6.2/avr5/libgcc.a(_sf_to_si.o)
 .bss           0x00800108        0x0 /usr/local/CrossPack-AVR-20130212/lib/gcc/avr/4.6.2/avr5/libgcc.a(_thenan_sf.o)
 .bss           0x00800108        0x0 /usr/local/CrossPack-AVR-20130212/lib/gcc/avr/4.6.2/avr5/libgcc.a(_prologue.o)
 .bss           0x00800108        0x0 /usr/local/CrossPack-AVR-20130212/lib/gcc/avr/4.6.2/avr5/libgcc.a(_epilogue.o)
 .bss           0x00800108        0x0 /usr/local/CrossPack-AVR-20130212/lib/gcc/avr/4.6.2/avr5/libgcc.a(_pack_sf.o)
 .bss           0x00800108        0x0 /usr/local/CrossPack-AVR-20130212/lib/gcc/avr/4.6.2/avr5/libgcc.a(_unpack_sf.o)
 .bss           0x00800108        0x0 /usr/local/CrossPack-AVR-20130212/lib/gcc/avr/4.6.2/avr5/libgcc.a(_fpcmp_parts_sf.o)
 *(.bss*)
 *(COMMON)
                0x00800108                PROVIDE (__bss_end, .)
                0x00000e80                __data_load_start = LOADADDR (.data)
                0x00000e88                __data_load_end = (__data_load_start + SIZEOF (.data))

.noinit         0x00800108        0x0
                0x00800108                PROVIDE (__noinit_start, .)
 *(.noinit*)
                0x00800108                PROVIDE (__noinit_end, .)
                0x00800108                _end = .
                0x00800108                PROVIDE (__heap_start, .)

.eeprom         0x00810000        0x0
 *(.eeprom*)
                0x00810000                __eeprom_end = .

.fuse           0x00820000        0x3
 *(.fuse)
 .fuse          0x00820000        0x3 obj/Debug/fuse.o
                0x00820000                __fuse
 *(.lfuse)
 *(.hfuse)
 *(.efuse)

.lock
 *(.lock*)

.signature
 *(.signature*)

.stab           0x00000000      0x6cc
 *(.stab)
 .stab          0x00000000      0x6cc /usr/local/CrossPack-AVR-20130212/lib/gcc/avr/4.6.2/../../../../avr/lib/avr5/crtm328p.o

.stabstr        0x00000000       0x81
 *(.stabstr)
 .stabstr       0x00000000       0x81 /usr/local/CrossPack-AVR-20130212/lib/gcc/avr/4.6.2/../../../../avr/lib/avr5/crtm328p.o

.stab.excl
 *(.stab.excl)

.stab.exclstr
 *(.stab.exclstr)

.stab.index
 *(.stab.index)

.stab.indexstr
 *(.stab.indexstr)

.comment
 *(.comment)

.debug
 *(.debug)

.line
 *(.line)

.debug_srcinfo
 *(.debug_srcinfo)

.debug_sfnames
 *(.debug_sfnames)

.debug_aranges  0x00000000      0x200
 *(.debug_aranges)
 .debug_aranges
                0x00000000       0x20 obj/Debug/main.o
 .debug_aranges
                0x00000020       0x20 /usr/local/CrossPack-AVR-20130212/lib/gcc/avr/4.6.2/avr5/libgcc.a(_exit.o)
 .debug_aranges
                0x00000040       0x20 /usr/local/CrossPack-AVR-20130212/lib/gcc/avr/4.6.2/avr5/libgcc.a(_copy_data.o)
 .debug_aranges
                0x00000060       0x20 /usr/local/CrossPack-AVR-20130212/lib/gcc/avr/4.6.2/avr5/libgcc.a(_clear_bss.o)
 .debug_aranges
                0x00000080       0x20 /usr/local/CrossPack-AVR-20130212/lib/gcc/avr/4.6.2/avr5/libgcc.a(_fixunssfsi.o)
 .debug_aranges
                0x000000a0       0x20 /usr/local/CrossPack-AVR-20130212/lib/gcc/avr/4.6.2/avr5/libgcc.a(_addsub_sf.o)
 .debug_aranges
                0x000000c0       0x20 /usr/local/CrossPack-AVR-20130212/lib/gcc/avr/4.6.2/avr5/libgcc.a(_mul_sf.o)
 .debug_aranges
                0x000000e0       0x20 /usr/local/CrossPack-AVR-20130212/lib/gcc/avr/4.6.2/avr5/libgcc.a(_gt_sf.o)
 .debug_aranges
                0x00000100       0x20 /usr/local/CrossPack-AVR-20130212/lib/gcc/avr/4.6.2/avr5/libgcc.a(_ge_sf.o)
 .debug_aranges
                0x00000120       0x20 /usr/local/CrossPack-AVR-20130212/lib/gcc/avr/4.6.2/avr5/libgcc.a(_lt_sf.o)
 .debug_aranges
                0x00000140       0x20 /usr/local/CrossPack-AVR-20130212/lib/gcc/avr/4.6.2/avr5/libgcc.a(_sf_to_si.o)
 .debug_aranges
                0x00000160       0x20 /usr/local/CrossPack-AVR-20130212/lib/gcc/avr/4.6.2/avr5/libgcc.a(_prologue.o)
 .debug_aranges
                0x00000180       0x20 /usr/local/CrossPack-AVR-20130212/lib/gcc/avr/4.6.2/avr5/libgcc.a(_epilogue.o)
 .debug_aranges
                0x000001a0       0x20 /usr/local/CrossPack-AVR-20130212/lib/gcc/avr/4.6.2/avr5/libgcc.a(_pack_sf.o)
 .debug_aranges
                0x000001c0       0x20 /usr/local/CrossPack-AVR-20130212/lib/gcc/avr/4.6.2/avr5/libgcc.a(_unpack_sf.o)
 .debug_aranges
                0x000001e0       0x20 /usr/local/CrossPack-AVR-20130212/lib/gcc/avr/4.6.2/avr5/libgcc.a(_fpcmp_parts_sf.o)

.debug_pubnames
 *(.debug_pubnames)

.debug_info     0x00000000     0x2252
 *(.debug_info)
 .debug_info    0x00000000       0xae obj/Debug/fuse.o
 .debug_info    0x000000ae      0x214 obj/Debug/main.o
 .debug_info    0x000002c2       0xc0 /usr/local/CrossPack-AVR-20130212/lib/gcc/avr/4.6.2/avr5/libgcc.a(_exit.o)
 .debug_info    0x00000382       0xc0 /usr/local/CrossPack-AVR-20130212/lib/gcc/avr/4.6.2/avr5/libgcc.a(_copy_data.o)
 .debug_info    0x00000442       0xc0 /usr/local/CrossPack-AVR-20130212/lib/gcc/avr/4.6.2/avr5/libgcc.a(_clear_bss.o)
 .debug_info    0x00000502       0xbd /usr/local/CrossPack-AVR-20130212/lib/gcc/avr/4.6.2/avr5/libgcc.a(_fixunssfsi.o)
 .debug_info    0x000005bf      0x455 /usr/local/CrossPack-AVR-20130212/lib/gcc/avr/4.6.2/avr5/libgcc.a(_addsub_sf.o)
 .debug_info    0x00000a14      0x3f8 /usr/local/CrossPack-AVR-20130212/lib/gcc/avr/4.6.2/avr5/libgcc.a(_mul_sf.o)
 .debug_info    0x00000e0c      0x28a /usr/local/CrossPack-AVR-20130212/lib/gcc/avr/4.6.2/avr5/libgcc.a(_gt_sf.o)
 .debug_info    0x00001096      0x28a /usr/local/CrossPack-AVR-20130212/lib/gcc/avr/4.6.2/avr5/libgcc.a(_ge_sf.o)
 .debug_info    0x00001320      0x28a /usr/local/CrossPack-AVR-20130212/lib/gcc/avr/4.6.2/avr5/libgcc.a(_lt_sf.o)
 .debug_info    0x000015aa      0x2a5 /usr/local/CrossPack-AVR-20130212/lib/gcc/avr/4.6.2/avr5/libgcc.a(_sf_to_si.o)
 .debug_info    0x0000184f      0x15e /usr/local/CrossPack-AVR-20130212/lib/gcc/avr/4.6.2/avr5/libgcc.a(_thenan_sf.o)
 .debug_info    0x000019ad       0xc0 /usr/local/CrossPack-AVR-20130212/lib/gcc/avr/4.6.2/avr5/libgcc.a(_prologue.o)
 .debug_info    0x00001a6d       0xc0 /usr/local/CrossPack-AVR-20130212/lib/gcc/avr/4.6.2/avr5/libgcc.a(_epilogue.o)
 .debug_info    0x00001b2d      0x2d5 /usr/local/CrossPack-AVR-20130212/lib/gcc/avr/4.6.2/avr5/libgcc.a(_pack_sf.o)
 .debug_info    0x00001e02      0x25c /usr/local/CrossPack-AVR-20130212/lib/gcc/avr/4.6.2/avr5/libgcc.a(_unpack_sf.o)
 .debug_info    0x0000205e      0x1f4 /usr/local/CrossPack-AVR-20130212/lib/gcc/avr/4.6.2/avr5/libgcc.a(_fpcmp_parts_sf.o)
 *(.gnu.linkonce.wi.*)

.debug_abbrev   0x00000000     0x1006
 *(.debug_abbrev)
 .debug_abbrev  0x00000000       0x73 obj/Debug/fuse.o
 .debug_abbrev  0x00000073      0x13c obj/Debug/main.o
 .debug_abbrev  0x000001af       0x14 /usr/local/CrossPack-AVR-20130212/lib/gcc/avr/4.6.2/avr5/libgcc.a(_exit.o)
 .debug_abbrev  0x000001c3       0x14 /usr/local/CrossPack-AVR-20130212/lib/gcc/avr/4.6.2/avr5/libgcc.a(_copy_data.o)
 .debug_abbrev  0x000001d7       0x14 /usr/local/CrossPack-AVR-20130212/lib/gcc/avr/4.6.2/avr5/libgcc.a(_clear_bss.o)
 .debug_abbrev  0x000001eb       0x5d /usr/local/CrossPack-AVR-20130212/lib/gcc/avr/4.6.2/avr5/libgcc.a(_fixunssfsi.o)
 .debug_abbrev  0x00000248      0x1af /usr/local/CrossPack-AVR-20130212/lib/gcc/avr/4.6.2/avr5/libgcc.a(_addsub_sf.o)
 .debug_abbrev  0x000003f7      0x1d2 /usr/local/CrossPack-AVR-20130212/lib/gcc/avr/4.6.2/avr5/libgcc.a(_mul_sf.o)
 .debug_abbrev  0x000005c9      0x151 /usr/local/CrossPack-AVR-20130212/lib/gcc/avr/4.6.2/avr5/libgcc.a(_gt_sf.o)
 .debug_abbrev  0x0000071a      0x151 /usr/local/CrossPack-AVR-20130212/lib/gcc/avr/4.6.2/avr5/libgcc.a(_ge_sf.o)
 .debug_abbrev  0x0000086b      0x151 /usr/local/CrossPack-AVR-20130212/lib/gcc/avr/4.6.2/avr5/libgcc.a(_lt_sf.o)
 .debug_abbrev  0x000009bc      0x160 /usr/local/CrossPack-AVR-20130212/lib/gcc/avr/4.6.2/avr5/libgcc.a(_sf_to_si.o)
 .debug_abbrev  0x00000b1c       0xcb /usr/local/CrossPack-AVR-20130212/lib/gcc/avr/4.6.2/avr5/libgcc.a(_thenan_sf.o)
 .debug_abbrev  0x00000be7       0x14 /usr/local/CrossPack-AVR-20130212/lib/gcc/avr/4.6.2/avr5/libgcc.a(_prologue.o)
 .debug_abbrev  0x00000bfb       0x14 /usr/local/CrossPack-AVR-20130212/lib/gcc/avr/4.6.2/avr5/libgcc.a(_epilogue.o)
 .debug_abbrev  0x00000c0f      0x192 /usr/local/CrossPack-AVR-20130212/lib/gcc/avr/4.6.2/avr5/libgcc.a(_pack_sf.o)
 .debug_abbrev  0x00000da1      0x14b /usr/local/CrossPack-AVR-20130212/lib/gcc/avr/4.6.2/avr5/libgcc.a(_unpack_sf.o)
 .debug_abbrev  0x00000eec      0x11a /usr/local/CrossPack-AVR-20130212/lib/gcc/avr/4.6.2/avr5/libgcc.a(_fpcmp_parts_sf.o)

.debug_line     0x00000000      0xa67
 *(.debug_line)
 .debug_line    0x00000000       0x7e obj/Debug/fuse.o
 .debug_line    0x0000007e      0x15b obj/Debug/main.o
 .debug_line    0x000001d9       0x5c /usr/local/CrossPack-AVR-20130212/lib/gcc/avr/4.6.2/avr5/libgcc.a(_exit.o)
 .debug_line    0x00000235       0x65 /usr/local/CrossPack-AVR-20130212/lib/gcc/avr/4.6.2/avr5/libgcc.a(_copy_data.o)
 .debug_line    0x0000029a       0x62 /usr/local/CrossPack-AVR-20130212/lib/gcc/avr/4.6.2/avr5/libgcc.a(_clear_bss.o)
 .debug_line    0x000002fc       0x62 /usr/local/CrossPack-AVR-20130212/lib/gcc/avr/4.6.2/avr5/libgcc.a(_fixunssfsi.o)
 .debug_line    0x0000035e       0xdd /usr/local/CrossPack-AVR-20130212/lib/gcc/avr/4.6.2/avr5/libgcc.a(_addsub_sf.o)
 .debug_line    0x0000043b       0xdd /usr/local/CrossPack-AVR-20130212/lib/gcc/avr/4.6.2/avr5/libgcc.a(_mul_sf.o)
 .debug_line    0x00000518       0x81 /usr/local/CrossPack-AVR-20130212/lib/gcc/avr/4.6.2/avr5/libgcc.a(_gt_sf.o)
 .debug_line    0x00000599       0x81 /usr/local/CrossPack-AVR-20130212/lib/gcc/avr/4.6.2/avr5/libgcc.a(_ge_sf.o)
 .debug_line    0x0000061a       0x81 /usr/local/CrossPack-AVR-20130212/lib/gcc/avr/4.6.2/avr5/libgcc.a(_lt_sf.o)
 .debug_line    0x0000069b       0x86 /usr/local/CrossPack-AVR-20130212/lib/gcc/avr/4.6.2/avr5/libgcc.a(_sf_to_si.o)
 .debug_line    0x00000721       0x62 /usr/local/CrossPack-AVR-20130212/lib/gcc/avr/4.6.2/avr5/libgcc.a(_thenan_sf.o)
 .debug_line    0x00000783       0x76 /usr/local/CrossPack-AVR-20130212/lib/gcc/avr/4.6.2/avr5/libgcc.a(_prologue.o)
 .debug_line    0x000007f9       0x75 /usr/local/CrossPack-AVR-20130212/lib/gcc/avr/4.6.2/avr5/libgcc.a(_epilogue.o)
 .debug_line    0x0000086e       0xba /usr/local/CrossPack-AVR-20130212/lib/gcc/avr/4.6.2/avr5/libgcc.a(_pack_sf.o)
 .debug_line    0x00000928       0x95 /usr/local/CrossPack-AVR-20130212/lib/gcc/avr/4.6.2/avr5/libgcc.a(_unpack_sf.o)
 .debug_line    0x000009bd       0xaa /usr/local/CrossPack-AVR-20130212/lib/gcc/avr/4.6.2/avr5/libgcc.a(_fpcmp_parts_sf.o)

.debug_frame    0x00000000      0x308
 *(.debug_frame)
 .debug_frame   0x00000000       0xbc obj/Debug/main.o
 .debug_frame   0x000000bc       0x44 /usr/local/CrossPack-AVR-20130212/lib/gcc/avr/4.6.2/avr5/libgcc.a(_fixunssfsi.o)
 .debug_frame   0x00000100       0x78 /usr/local/CrossPack-AVR-20130212/lib/gcc/avr/4.6.2/avr5/libgcc.a(_addsub_sf.o)
 .debug_frame   0x00000178       0x48 /usr/local/CrossPack-AVR-20130212/lib/gcc/avr/4.6.2/avr5/libgcc.a(_mul_sf.o)
 .debug_frame   0x000001c0       0x2c /usr/local/CrossPack-AVR-20130212/lib/gcc/avr/4.6.2/avr5/libgcc.a(_gt_sf.o)
 .debug_frame   0x000001ec       0x2c /usr/local/CrossPack-AVR-20130212/lib/gcc/avr/4.6.2/avr5/libgcc.a(_ge_sf.o)
 .debug_frame   0x00000218       0x2c /usr/local/CrossPack-AVR-20130212/lib/gcc/avr/4.6.2/avr5/libgcc.a(_lt_sf.o)
 .debug_frame   0x00000244       0x30 /usr/local/CrossPack-AVR-20130212/lib/gcc/avr/4.6.2/avr5/libgcc.a(_sf_to_si.o)
 .debug_frame   0x00000274       0x44 /usr/local/CrossPack-AVR-20130212/lib/gcc/avr/4.6.2/avr5/libgcc.a(_pack_sf.o)
 .debug_frame   0x000002b8       0x24 /usr/local/CrossPack-AVR-20130212/lib/gcc/avr/4.6.2/avr5/libgcc.a(_unpack_sf.o)
 .debug_frame   0x000002dc       0x2c /usr/local/CrossPack-AVR-20130212/lib/gcc/avr/4.6.2/avr5/libgcc.a(_fpcmp_parts_sf.o)

.debug_str      0x00000000      0x3bb
 *(.debug_str)
 .debug_str     0x00000000       0x8f obj/Debug/fuse.o
                                 0xc8 (size before relaxing)
 .debug_str     0x0000008f       0x9c obj/Debug/main.o
                                0x144 (size before relaxing)
 .debug_str     0x0000012b       0xba /usr/local/CrossPack-AVR-20130212/lib/gcc/avr/4.6.2/avr5/libgcc.a(_fixunssfsi.o)
                                0x13f (size before relaxing)
 .debug_str     0x000001e5      0x155 /usr/local/CrossPack-AVR-20130212/lib/gcc/avr/4.6.2/avr5/libgcc.a(_addsub_sf.o)
                                0x252 (size before relaxing)
 .debug_str     0x0000033a       0x27 /usr/local/CrossPack-AVR-20130212/lib/gcc/avr/4.6.2/avr5/libgcc.a(_mul_sf.o)
                                0x20b (size before relaxing)
 .debug_str     0x00000361        0xf /usr/local/CrossPack-AVR-20130212/lib/gcc/avr/4.6.2/avr5/libgcc.a(_gt_sf.o)
                                0x1d9 (size before relaxing)
 .debug_str     0x00000370        0x8 /usr/local/CrossPack-AVR-20130212/lib/gcc/avr/4.6.2/avr5/libgcc.a(_ge_sf.o)
                                0x1d9 (size before relaxing)
 .debug_str     0x00000378        0x8 /usr/local/CrossPack-AVR-20130212/lib/gcc/avr/4.6.2/avr5/libgcc.a(_lt_sf.o)
                                0x1d9 (size before relaxing)
 .debug_str     0x00000380        0xa /usr/local/CrossPack-AVR-20130212/lib/gcc/avr/4.6.2/avr5/libgcc.a(_sf_to_si.o)
                                0x1e2 (size before relaxing)
 .debug_str     0x00000000      0x184 /usr/local/CrossPack-AVR-20130212/lib/gcc/avr/4.6.2/avr5/libgcc.a(_thenan_sf.o)
 .debug_str     0x0000038a       0x16 /usr/local/CrossPack-AVR-20130212/lib/gcc/avr/4.6.2/avr5/libgcc.a(_pack_sf.o)
                                0x1e1 (size before relaxing)
 .debug_str     0x000003a0        0xb /usr/local/CrossPack-AVR-20130212/lib/gcc/avr/4.6.2/avr5/libgcc.a(_unpack_sf.o)
                                0x1c3 (size before relaxing)
 .debug_str     0x000003ab       0x10 /usr/local/CrossPack-AVR-20130212/lib/gcc/avr/4.6.2/avr5/libgcc.a(_fpcmp_parts_sf.o)
                                0x1a7 (size before relaxing)

.debug_loc      0x00000000      0xc25
 *(.debug_loc)
 .debug_loc     0x00000000      0x168 obj/Debug/main.o
 .debug_loc     0x00000168       0x97 /usr/local/CrossPack-AVR-20130212/lib/gcc/avr/4.6.2/avr5/libgcc.a(_fixunssfsi.o)
 .debug_loc     0x000001ff      0x374 /usr/local/CrossPack-AVR-20130212/lib/gcc/avr/4.6.2/avr5/libgcc.a(_addsub_sf.o)
 .debug_loc     0x00000573      0x1e5 /usr/local/CrossPack-AVR-20130212/lib/gcc/avr/4.6.2/avr5/libgcc.a(_mul_sf.o)
 .debug_loc     0x00000758       0x69 /usr/local/CrossPack-AVR-20130212/lib/gcc/avr/4.6.2/avr5/libgcc.a(_gt_sf.o)
 .debug_loc     0x000007c1       0x69 /usr/local/CrossPack-AVR-20130212/lib/gcc/avr/4.6.2/avr5/libgcc.a(_ge_sf.o)
 .debug_loc     0x0000082a       0x69 /usr/local/CrossPack-AVR-20130212/lib/gcc/avr/4.6.2/avr5/libgcc.a(_lt_sf.o)
 .debug_loc     0x00000893       0x77 /usr/local/CrossPack-AVR-20130212/lib/gcc/avr/4.6.2/avr5/libgcc.a(_sf_to_si.o)
 .debug_loc     0x0000090a      0x1ec /usr/local/CrossPack-AVR-20130212/lib/gcc/avr/4.6.2/avr5/libgcc.a(_pack_sf.o)
 .debug_loc     0x00000af6       0xe5 /usr/local/CrossPack-AVR-20130212/lib/gcc/avr/4.6.2/avr5/libgcc.a(_unpack_sf.o)
 .debug_loc     0x00000bdb       0x4a /usr/local/CrossPack-AVR-20130212/lib/gcc/avr/4.6.2/avr5/libgcc.a(_fpcmp_parts_sf.o)

.debug_macinfo
 *(.debug_macinfo)
OUTPUT(bin/Debug/74HC595Test.elf elf32-avr)
LOAD linker stubs

.debug_ranges   0x00000000       0x18
 .debug_ranges  0x00000000       0x18 /usr/local/CrossPack-AVR-20130212/lib/gcc/avr/4.6.2/avr5/libgcc.a(_mul_sf.o)

Cross Reference Table

Symbol                                            File
NixieTube                                         obj/Debug/main.o
SPI595Out                                         obj/Debug/main.o
SPI_MasterInit                                    obj/Debug/main.o
SPI_MasterTransmit                                obj/Debug/main.o
__addsf3                                          /usr/local/CrossPack-AVR-20130212/lib/gcc/avr/4.6.2/avr5/libgcc.a(_addsub_sf.o)
__bad_interrupt                                   /usr/local/CrossPack-AVR-20130212/lib/gcc/avr/4.6.2/../../../../avr/lib/avr5/crtm328p.o
__bss_end                                         /usr/local/CrossPack-AVR-20130212/lib/gcc/avr/4.6.2/avr5/libgcc.a(_clear_bss.o)
__bss_start                                       /usr/local/CrossPack-AVR-20130212/lib/gcc/avr/4.6.2/avr5/libgcc.a(_clear_bss.o)
__data_end                                        /usr/local/CrossPack-AVR-20130212/lib/gcc/avr/4.6.2/avr5/libgcc.a(_copy_data.o)
__data_load_start                                 /usr/local/CrossPack-AVR-20130212/lib/gcc/avr/4.6.2/avr5/libgcc.a(_copy_data.o)
__data_start                                      /usr/local/CrossPack-AVR-20130212/lib/gcc/avr/4.6.2/avr5/libgcc.a(_copy_data.o)
__do_clear_bss                                    /usr/local/CrossPack-AVR-20130212/lib/gcc/avr/4.6.2/avr5/libgcc.a(_clear_bss.o)
                                                  /usr/local/CrossPack-AVR-20130212/lib/gcc/avr/4.6.2/avr5/libgcc.a(_fpcmp_parts_sf.o)
                                                  /usr/local/CrossPack-AVR-20130212/lib/gcc/avr/4.6.2/avr5/libgcc.a(_unpack_sf.o)
                                                  /usr/local/CrossPack-AVR-20130212/lib/gcc/avr/4.6.2/avr5/libgcc.a(_pack_sf.o)
                                                  /usr/local/CrossPack-AVR-20130212/lib/gcc/avr/4.6.2/avr5/libgcc.a(_thenan_sf.o)
                                                  /usr/local/CrossPack-AVR-20130212/lib/gcc/avr/4.6.2/avr5/libgcc.a(_sf_to_si.o)
                                                  /usr/local/CrossPack-AVR-20130212/lib/gcc/avr/4.6.2/avr5/libgcc.a(_lt_sf.o)
                                                  /usr/local/CrossPack-AVR-20130212/lib/gcc/avr/4.6.2/avr5/libgcc.a(_ge_sf.o)
                                                  /usr/local/CrossPack-AVR-20130212/lib/gcc/avr/4.6.2/avr5/libgcc.a(_gt_sf.o)
                                                  /usr/local/CrossPack-AVR-20130212/lib/gcc/avr/4.6.2/avr5/libgcc.a(_mul_sf.o)
                                                  /usr/local/CrossPack-AVR-20130212/lib/gcc/avr/4.6.2/avr5/libgcc.a(_addsub_sf.o)
                                                  /usr/local/CrossPack-AVR-20130212/lib/gcc/avr/4.6.2/avr5/libgcc.a(_fixunssfsi.o)
                                                  obj/Debug/main.o
                                                  obj/Debug/fuse.o
__do_copy_data                                    /usr/local/CrossPack-AVR-20130212/lib/gcc/avr/4.6.2/avr5/libgcc.a(_copy_data.o)
                                                  /usr/local/CrossPack-AVR-20130212/lib/gcc/avr/4.6.2/avr5/libgcc.a(_fpcmp_parts_sf.o)
                                                  /usr/local/CrossPack-AVR-20130212/lib/gcc/avr/4.6.2/avr5/libgcc.a(_unpack_sf.o)
                                                  /usr/local/CrossPack-AVR-20130212/lib/gcc/avr/4.6.2/avr5/libgcc.a(_pack_sf.o)
                                                  /usr/local/CrossPack-AVR-20130212/lib/gcc/avr/4.6.2/avr5/libgcc.a(_thenan_sf.o)
                                                  /usr/local/CrossPack-AVR-20130212/lib/gcc/avr/4.6.2/avr5/libgcc.a(_sf_to_si.o)
                                                  /usr/local/CrossPack-AVR-20130212/lib/gcc/avr/4.6.2/avr5/libgcc.a(_lt_sf.o)
                                                  /usr/local/CrossPack-AVR-20130212/lib/gcc/avr/4.6.2/avr5/libgcc.a(_ge_sf.o)
                                                  /usr/local/CrossPack-AVR-20130212/lib/gcc/avr/4.6.2/avr5/libgcc.a(_gt_sf.o)
                                                  /usr/local/CrossPack-AVR-20130212/lib/gcc/avr/4.6.2/avr5/libgcc.a(_mul_sf.o)
                                                  /usr/local/CrossPack-AVR-20130212/lib/gcc/avr/4.6.2/avr5/libgcc.a(_addsub_sf.o)
                                                  /usr/local/CrossPack-AVR-20130212/lib/gcc/avr/4.6.2/avr5/libgcc.a(_fixunssfsi.o)
                                                  obj/Debug/main.o
                                                  obj/Debug/fuse.o
__epilogue_restores__                             /usr/local/CrossPack-AVR-20130212/lib/gcc/avr/4.6.2/avr5/libgcc.a(_epilogue.o)
                                                  /usr/local/CrossPack-AVR-20130212/lib/gcc/avr/4.6.2/avr5/libgcc.a(_sf_to_si.o)
                                                  /usr/local/CrossPack-AVR-20130212/lib/gcc/avr/4.6.2/avr5/libgcc.a(_lt_sf.o)
                                                  /usr/local/CrossPack-AVR-20130212/lib/gcc/avr/4.6.2/avr5/libgcc.a(_ge_sf.o)
                                                  /usr/local/CrossPack-AVR-20130212/lib/gcc/avr/4.6.2/avr5/libgcc.a(_gt_sf.o)
                                                  /usr/local/CrossPack-AVR-20130212/lib/gcc/avr/4.6.2/avr5/libgcc.a(_mul_sf.o)
                                                  /usr/local/CrossPack-AVR-20130212/lib/gcc/avr/4.6.2/avr5/libgcc.a(_addsub_sf.o)
__fixsfsi                                         /usr/local/CrossPack-AVR-20130212/lib/gcc/avr/4.6.2/avr5/libgcc.a(_sf_to_si.o)
                                                  /usr/local/CrossPack-AVR-20130212/lib/gcc/avr/4.6.2/avr5/libgcc.a(_fixunssfsi.o)
__fixunssfsi                                      /usr/local/CrossPack-AVR-20130212/lib/gcc/avr/4.6.2/avr5/libgcc.a(_fixunssfsi.o)
                                                  obj/Debug/main.o
__fpcmp_parts_f                                   /usr/local/CrossPack-AVR-20130212/lib/gcc/avr/4.6.2/avr5/libgcc.a(_fpcmp_parts_sf.o)
                                                  /usr/local/CrossPack-AVR-20130212/lib/gcc/avr/4.6.2/avr5/libgcc.a(_lt_sf.o)
                                                  /usr/local/CrossPack-AVR-20130212/lib/gcc/avr/4.6.2/avr5/libgcc.a(_ge_sf.o)
                                                  /usr/local/CrossPack-AVR-20130212/lib/gcc/avr/4.6.2/avr5/libgcc.a(_gt_sf.o)
__fuse                                            obj/Debug/fuse.o
__gesf2                                           /usr/local/CrossPack-AVR-20130212/lib/gcc/avr/4.6.2/avr5/libgcc.a(_ge_sf.o)
                                                  /usr/local/CrossPack-AVR-20130212/lib/gcc/avr/4.6.2/avr5/libgcc.a(_fixunssfsi.o)
__gtsf2                                           /usr/local/CrossPack-AVR-20130212/lib/gcc/avr/4.6.2/avr5/libgcc.a(_gt_sf.o)
                                                  obj/Debug/main.o
__heap_end                                        /usr/local/CrossPack-AVR-20130212/lib/gcc/avr/4.6.2/../../../../avr/lib/avr5/crtm328p.o
__init                                            /usr/local/CrossPack-AVR-20130212/lib/gcc/avr/4.6.2/../../../../avr/lib/avr5/crtm328p.o
__ltsf2                                           /usr/local/CrossPack-AVR-20130212/lib/gcc/avr/4.6.2/avr5/libgcc.a(_lt_sf.o)
                                                  obj/Debug/main.o
__mulsf3                                          /usr/local/CrossPack-AVR-20130212/lib/gcc/avr/4.6.2/avr5/libgcc.a(_mul_sf.o)
                                                  obj/Debug/main.o
__pack_f                                          /usr/local/CrossPack-AVR-20130212/lib/gcc/avr/4.6.2/avr5/libgcc.a(_pack_sf.o)
                                                  /usr/local/CrossPack-AVR-20130212/lib/gcc/avr/4.6.2/avr5/libgcc.a(_mul_sf.o)
                                                  /usr/local/CrossPack-AVR-20130212/lib/gcc/avr/4.6.2/avr5/libgcc.a(_addsub_sf.o)
__prologue_saves__                                /usr/local/CrossPack-AVR-20130212/lib/gcc/avr/4.6.2/avr5/libgcc.a(_prologue.o)
                                                  /usr/local/CrossPack-AVR-20130212/lib/gcc/avr/4.6.2/avr5/libgcc.a(_sf_to_si.o)
                                                  /usr/local/CrossPack-AVR-20130212/lib/gcc/avr/4.6.2/avr5/libgcc.a(_lt_sf.o)
                                                  /usr/local/CrossPack-AVR-20130212/lib/gcc/avr/4.6.2/avr5/libgcc.a(_ge_sf.o)
                                                  /usr/local/CrossPack-AVR-20130212/lib/gcc/avr/4.6.2/avr5/libgcc.a(_gt_sf.o)
                                                  /usr/local/CrossPack-AVR-20130212/lib/gcc/avr/4.6.2/avr5/libgcc.a(_mul_sf.o)
                                                  /usr/local/CrossPack-AVR-20130212/lib/gcc/avr/4.6.2/avr5/libgcc.a(_addsub_sf.o)
__stack                                           /usr/local/CrossPack-AVR-20130212/lib/gcc/avr/4.6.2/../../../../avr/lib/avr5/crtm328p.o
__subsf3                                          /usr/local/CrossPack-AVR-20130212/lib/gcc/avr/4.6.2/avr5/libgcc.a(_addsub_sf.o)
                                                  /usr/local/CrossPack-AVR-20130212/lib/gcc/avr/4.6.2/avr5/libgcc.a(_fixunssfsi.o)
__thenan_sf                                       /usr/local/CrossPack-AVR-20130212/lib/gcc/avr/4.6.2/avr5/libgcc.a(_thenan_sf.o)
                                                  /usr/local/CrossPack-AVR-20130212/lib/gcc/avr/4.6.2/avr5/libgcc.a(_mul_sf.o)
                                                  /usr/local/CrossPack-AVR-20130212/lib/gcc/avr/4.6.2/avr5/libgcc.a(_addsub_sf.o)
__unpack_f                                        /usr/local/CrossPack-AVR-20130212/lib/gcc/avr/4.6.2/avr5/libgcc.a(_unpack_sf.o)
                                                  /usr/local/CrossPack-AVR-20130212/lib/gcc/avr/4.6.2/avr5/libgcc.a(_sf_to_si.o)
                                                  /usr/local/CrossPack-AVR-20130212/lib/gcc/avr/4.6.2/avr5/libgcc.a(_lt_sf.o)
                                                  /usr/local/CrossPack-AVR-20130212/lib/gcc/avr/4.6.2/avr5/libgcc.a(_ge_sf.o)
                                                  /usr/local/CrossPack-AVR-20130212/lib/gcc/avr/4.6.2/avr5/libgcc.a(_gt_sf.o)
                                                  /usr/local/CrossPack-AVR-20130212/lib/gcc/avr/4.6.2/avr5/libgcc.a(_mul_sf.o)
                                                  /usr/local/CrossPack-AVR-20130212/lib/gcc/avr/4.6.2/avr5/libgcc.a(_addsub_sf.o)
__vector_1                                        /usr/local/CrossPack-AVR-20130212/lib/gcc/avr/4.6.2/../../../../avr/lib/avr5/crtm328p.o
__vector_10                                       /usr/local/CrossPack-AVR-20130212/lib/gcc/avr/4.6.2/../../../../avr/lib/avr5/crtm328p.o
__vector_11                                       /usr/local/CrossPack-AVR-20130212/lib/gcc/avr/4.6.2/../../../../avr/lib/avr5/crtm328p.o
__vector_12                                       /usr/local/CrossPack-AVR-20130212/lib/gcc/avr/4.6.2/../../../../avr/lib/avr5/crtm328p.o
__vector_13                                       /usr/local/CrossPack-AVR-20130212/lib/gcc/avr/4.6.2/../../../../avr/lib/avr5/crtm328p.o
__vector_14                                       /usr/local/CrossPack-AVR-20130212/lib/gcc/avr/4.6.2/../../../../avr/lib/avr5/crtm328p.o
__vector_15                                       /usr/local/CrossPack-AVR-20130212/lib/gcc/avr/4.6.2/../../../../avr/lib/avr5/crtm328p.o
__vector_16                                       /usr/local/CrossPack-AVR-20130212/lib/gcc/avr/4.6.2/../../../../avr/lib/avr5/crtm328p.o
__vector_17                                       /usr/local/CrossPack-AVR-20130212/lib/gcc/avr/4.6.2/../../../../avr/lib/avr5/crtm328p.o
__vector_18                                       /usr/local/CrossPack-AVR-20130212/lib/gcc/avr/4.6.2/../../../../avr/lib/avr5/crtm328p.o
__vector_19                                       /usr/local/CrossPack-AVR-20130212/lib/gcc/avr/4.6.2/../../../../avr/lib/avr5/crtm328p.o
__vector_2                                        /usr/local/CrossPack-AVR-20130212/lib/gcc/avr/4.6.2/../../../../avr/lib/avr5/crtm328p.o
__vector_20                                       /usr/local/CrossPack-AVR-20130212/lib/gcc/avr/4.6.2/../../../../avr/lib/avr5/crtm328p.o
__vector_21                                       /usr/local/CrossPack-AVR-20130212/lib/gcc/avr/4.6.2/../../../../avr/lib/avr5/crtm328p.o
__vector_22                                       /usr/local/CrossPack-AVR-20130212/lib/gcc/avr/4.6.2/../../../../avr/lib/avr5/crtm328p.o
__vector_23                                       /usr/local/CrossPack-AVR-20130212/lib/gcc/avr/4.6.2/../../../../avr/lib/avr5/crtm328p.o
__vector_24                                       /usr/local/CrossPack-AVR-20130212/lib/gcc/avr/4.6.2/../../../../avr/lib/avr5/crtm328p.o
__vector_25                                       /usr/local/CrossPack-AVR-20130212/lib/gcc/avr/4.6.2/../../../../avr/lib/avr5/crtm328p.o
__vector_3                                        /usr/local/CrossPack-AVR-20130212/lib/gcc/avr/4.6.2/../../../../avr/lib/avr5/crtm328p.o
__vector_4                                        /usr/local/CrossPack-AVR-20130212/lib/gcc/avr/4.6.2/../../../../avr/lib/avr5/crtm328p.o
__vector_5                                        /usr/local/CrossPack-AVR-20130212/lib/gcc/avr/4.6.2/../../../../avr/lib/avr5/crtm328p.o
__vector_6                                        /usr/local/CrossPack-AVR-20130212/lib/gcc/avr/4.6.2/../../../../avr/lib/avr5/crtm328p.o
__vector_7                                        /usr/local/CrossPack-AVR-20130212/lib/gcc/avr/4.6.2/../../../../avr/lib/avr5/crtm328p.o
__vector_8                                        /usr/local/CrossPack-AVR-20130212/lib/gcc/avr/4.6.2/../../../../avr/lib/avr5/crtm328p.o
__vector_9                                        /usr/local/CrossPack-AVR-20130212/lib/gcc/avr/4.6.2/../../../../avr/lib/avr5/crtm328p.o
__vector_default                                  /usr/local/CrossPack-AVR-20130212/lib/gcc/avr/4.6.2/../../../../avr/lib/avr5/crtm328p.o
__vectors                                         /usr/local/CrossPack-AVR-20130212/lib/gcc/avr/4.6.2/../../../../avr/lib/avr5/crtm328p.o
_exit                                             /usr/local/CrossPack-AVR-20130212/lib/gcc/avr/4.6.2/avr5/libgcc.a(_exit.o)
exit                                              /usr/local/CrossPack-AVR-20130212/lib/gcc/avr/4.6.2/avr5/libgcc.a(_exit.o)
                                                  /usr/local/CrossPack-AVR-20130212/lib/gcc/avr/4.6.2/../../../../avr/lib/avr5/crtm328p.o
main                                              obj/Debug/main.o
                                                  /usr/local/CrossPack-AVR-20130212/lib/gcc/avr/4.6.2/../../../../avr/lib/avr5/crtm328p.o
